------------------------------------------------------------
TimeQuest Timing Analyzer Summary
------------------------------------------------------------

Type  : Slow 1100mV 85C Model Setup 'CLOCK_50'
Slack : -5.871
TNS   : -871.409

Type  : Slow 1100mV 85C Model Setup 'counterEnable:ce|count[0]'
Slack : -5.390
TNS   : -90.964

Type  : Slow 1100mV 85C Model Setup 'KEY[1]'
Slack : -5.021
TNS   : -332.633

Type  : Slow 1100mV 85C Model Setup 'VGA|mypll|altpll_component|auto_generated|generic_pll1~PLL_OUTPUT_COUNTER|divclk'
Slack : 29.984
TNS   : 0.000

Type  : Slow 1100mV 85C Model Hold 'KEY[1]'
Slack : -4.093
TNS   : -556.523

Type  : Slow 1100mV 85C Model Hold 'CLOCK_50'
Slack : -3.319
TNS   : -219.053

Type  : Slow 1100mV 85C Model Hold 'VGA|mypll|altpll_component|auto_generated|generic_pll1~PLL_OUTPUT_COUNTER|divclk'
Slack : 0.188
TNS   : 0.000

Type  : Slow 1100mV 85C Model Hold 'counterEnable:ce|count[0]'
Slack : 0.533
TNS   : 0.000

Type  : Slow 1100mV 85C Model Minimum Pulse Width 'counterEnable:ce|count[0]'
Slack : -0.403
TNS   : -17.477

Type  : Slow 1100mV 85C Model Minimum Pulse Width 'KEY[1]'
Slack : -0.394
TNS   : -85.253

Type  : Slow 1100mV 85C Model Minimum Pulse Width 'VGA|mypll|altpll_component|auto_generated|generic_pll1~FRACTIONAL_PLL|vcoph[0]'
Slack : 1.666
TNS   : 0.000

Type  : Slow 1100mV 85C Model Minimum Pulse Width 'CLOCK_50'
Slack : 8.870
TNS   : 0.000

Type  : Slow 1100mV 85C Model Minimum Pulse Width 'VGA|mypll|altpll_component|auto_generated|generic_pll1~PLL_OUTPUT_COUNTER|divclk'
Slack : 18.777
TNS   : 0.000

Type  : Slow 1100mV 0C Model Setup 'CLOCK_50'
Slack : -5.591
TNS   : -786.482

Type  : Slow 1100mV 0C Model Setup 'counterEnable:ce|count[0]'
Slack : -5.546
TNS   : -89.831

Type  : Slow 1100mV 0C Model Setup 'KEY[1]'
Slack : -4.879
TNS   : -333.956

Type  : Slow 1100mV 0C Model Setup 'VGA|mypll|altpll_component|auto_generated|generic_pll1~PLL_OUTPUT_COUNTER|divclk'
Slack : 30.418
TNS   : 0.000

Type  : Slow 1100mV 0C Model Hold 'KEY[1]'
Slack : -3.868
TNS   : -524.199

Type  : Slow 1100mV 0C Model Hold 'CLOCK_50'
Slack : -3.354
TNS   : -276.299

Type  : Slow 1100mV 0C Model Hold 'VGA|mypll|altpll_component|auto_generated|generic_pll1~PLL_OUTPUT_COUNTER|divclk'
Slack : 0.191
TNS   : 0.000

Type  : Slow 1100mV 0C Model Hold 'counterEnable:ce|count[0]'
Slack : 0.513
TNS   : 0.000

Type  : Slow 1100mV 0C Model Minimum Pulse Width 'KEY[1]'
Slack : -0.394
TNS   : -86.995

Type  : Slow 1100mV 0C Model Minimum Pulse Width 'counterEnable:ce|count[0]'
Slack : -0.394
TNS   : -17.255

Type  : Slow 1100mV 0C Model Minimum Pulse Width 'VGA|mypll|altpll_component|auto_generated|generic_pll1~FRACTIONAL_PLL|vcoph[0]'
Slack : 1.666
TNS   : 0.000

Type  : Slow 1100mV 0C Model Minimum Pulse Width 'CLOCK_50'
Slack : 8.823
TNS   : 0.000

Type  : Slow 1100mV 0C Model Minimum Pulse Width 'VGA|mypll|altpll_component|auto_generated|generic_pll1~PLL_OUTPUT_COUNTER|divclk'
Slack : 18.751
TNS   : 0.000

Type  : Fast 1100mV 85C Model Setup 'CLOCK_50'
Slack : -3.566
TNS   : -502.536

Type  : Fast 1100mV 85C Model Setup 'KEY[1]'
Slack : -3.163
TNS   : -167.377

Type  : Fast 1100mV 85C Model Setup 'counterEnable:ce|count[0]'
Slack : -2.849
TNS   : -49.671

Type  : Fast 1100mV 85C Model Setup 'VGA|mypll|altpll_component|auto_generated|generic_pll1~PLL_OUTPUT_COUNTER|divclk'
Slack : 32.524
TNS   : 0.000

Type  : Fast 1100mV 85C Model Hold 'KEY[1]'
Slack : -2.431
TNS   : -332.766

Type  : Fast 1100mV 85C Model Hold 'CLOCK_50'
Slack : -1.915
TNS   : -129.815

Type  : Fast 1100mV 85C Model Hold 'VGA|mypll|altpll_component|auto_generated|generic_pll1~PLL_OUTPUT_COUNTER|divclk'
Slack : 0.085
TNS   : 0.000

Type  : Fast 1100mV 85C Model Hold 'counterEnable:ce|count[0]'
Slack : 0.189
TNS   : 0.000

Type  : Fast 1100mV 85C Model Minimum Pulse Width 'KEY[1]'
Slack : -0.335
TNS   : -49.200

Type  : Fast 1100mV 85C Model Minimum Pulse Width 'counterEnable:ce|count[0]'
Slack : -0.188
TNS   : -1.990

Type  : Fast 1100mV 85C Model Minimum Pulse Width 'VGA|mypll|altpll_component|auto_generated|generic_pll1~FRACTIONAL_PLL|vcoph[0]'
Slack : 1.666
TNS   : 0.000

Type  : Fast 1100mV 85C Model Minimum Pulse Width 'CLOCK_50'
Slack : 8.816
TNS   : 0.000

Type  : Fast 1100mV 85C Model Minimum Pulse Width 'VGA|mypll|altpll_component|auto_generated|generic_pll1~PLL_OUTPUT_COUNTER|divclk'
Slack : 18.886
TNS   : 0.000

Type  : Fast 1100mV 0C Model Setup 'CLOCK_50'
Slack : -3.365
TNS   : -458.053

Type  : Fast 1100mV 0C Model Setup 'counterEnable:ce|count[0]'
Slack : -2.653
TNS   : -43.545

Type  : Fast 1100mV 0C Model Setup 'KEY[1]'
Slack : -2.603
TNS   : -135.024

Type  : Fast 1100mV 0C Model Setup 'VGA|mypll|altpll_component|auto_generated|generic_pll1~PLL_OUTPUT_COUNTER|divclk'
Slack : 33.513
TNS   : 0.000

Type  : Fast 1100mV 0C Model Hold 'KEY[1]'
Slack : -2.346
TNS   : -321.850

Type  : Fast 1100mV 0C Model Hold 'CLOCK_50'
Slack : -1.883
TNS   : -161.989

Type  : Fast 1100mV 0C Model Hold 'VGA|mypll|altpll_component|auto_generated|generic_pll1~PLL_OUTPUT_COUNTER|divclk'
Slack : 0.074
TNS   : 0.000

Type  : Fast 1100mV 0C Model Hold 'counterEnable:ce|count[0]'
Slack : 0.186
TNS   : 0.000

Type  : Fast 1100mV 0C Model Minimum Pulse Width 'KEY[1]'
Slack : -0.338
TNS   : -49.677

Type  : Fast 1100mV 0C Model Minimum Pulse Width 'counterEnable:ce|count[0]'
Slack : -0.126
TNS   : -1.115

Type  : Fast 1100mV 0C Model Minimum Pulse Width 'VGA|mypll|altpll_component|auto_generated|generic_pll1~FRACTIONAL_PLL|vcoph[0]'
Slack : 1.666
TNS   : 0.000

Type  : Fast 1100mV 0C Model Minimum Pulse Width 'CLOCK_50'
Slack : 8.806
TNS   : 0.000

Type  : Fast 1100mV 0C Model Minimum Pulse Width 'VGA|mypll|altpll_component|auto_generated|generic_pll1~PLL_OUTPUT_COUNTER|divclk'
Slack : 18.886
TNS   : 0.000

------------------------------------------------------------
